MPLINK 5.09, LINKER
Linker Map File - Created Wed Jun 12 17:42:47 2019

                                 Section Info
                  Section       Type    Address   Location Size(Bytes)
                ---------  ---------  ---------  ---------  ---------
                   .org_0       code   0x000000    program   0x000002
                   .cinit    romdata   0x000001    program   0x000004
                   .org_1       code   0x000004    program   0x0001c6
.config_2007_BUILD/DEFAULT/PRODUCTION/TPFINAL       code   0x002007    program   0x000002
.config_2008_BUILD/DEFAULT/PRODUCTION/TPFINAL       code   0x002008    program   0x000002



                              Program Memory Usage 
                               Start         End      
                           ---------   ---------      
                            0x000000    0x000002      
                            0x000004    0x0000e6      
                            0x002007    0x002008      
            232 out of 8455 program addresses used, program memory utilization is 2%



                              Symbols - Sorted by Name
                     Name    Address   Location    Storage File                     
                ---------  ---------  ---------  --------- ---------                
                     ADSR   0x000068    program     static T:\Tom\Facultad\Materias\EDII\TPs\TPFinal\TP\ejem.tpfinal.X\tpfinal.asm
                    DELAY   0x0000c4    program     static T:\Tom\Facultad\Materias\EDII\TPs\TPFinal\TP\ejem.tpfinal.X\tpfinal.asm
                   ENVIAR   0x0000d4    program     static T:\Tom\Facultad\Materias\EDII\TPs\TPFinal\TP\ejem.tpfinal.X\tpfinal.asm
                   INICIO   0x000005    program     static T:\Tom\Facultad\Materias\EDII\TPs\TPFinal\TP\ejem.tpfinal.X\tpfinal.asm
                      IRS   0x000049    program     static T:\Tom\Facultad\Materias\EDII\TPs\TPFinal\TP\ejem.tpfinal.X\tpfinal.asm
                  MOSTRAR   0x000094    program     static T:\Tom\Facultad\Materias\EDII\TPs\TPFinal\TP\ejem.tpfinal.X\tpfinal.asm
                MOVDECENA   0x0000ad    program     static T:\Tom\Facultad\Materias\EDII\TPs\TPFinal\TP\ejem.tpfinal.X\tpfinal.asm
                 MOVGRADO   0x0000a3    program     static T:\Tom\Facultad\Materias\EDII\TPs\TPFinal\TP\ejem.tpfinal.X\tpfinal.asm
                 MOVLETRA   0x00009e    program     static T:\Tom\Facultad\Materias\EDII\TPs\TPFinal\TP\ejem.tpfinal.X\tpfinal.asm
                MOVUNIDAD   0x0000a8    program     static T:\Tom\Facultad\Materias\EDII\TPs\TPFinal\TP\ejem.tpfinal.X\tpfinal.asm
           OBTENER_DECENA   0x000074    program     static T:\Tom\Facultad\Materias\EDII\TPs\TPFinal\TP\ejem.tpfinal.X\tpfinal.asm
           OBTENER_UNIDAD   0x000081    program     static T:\Tom\Facultad\Materias\EDII\TPs\TPFinal\TP\ejem.tpfinal.X\tpfinal.asm
                    RB0SR   0x000055    program     static T:\Tom\Facultad\Materias\EDII\TPs\TPFinal\TP\ejem.tpfinal.X\tpfinal.asm
                   RESTAR   0x000076    program     static T:\Tom\Facultad\Materias\EDII\TPs\TPFinal\TP\ejem.tpfinal.X\tpfinal.asm
                  RESTARU   0x000083    program     static T:\Tom\Facultad\Materias\EDII\TPs\TPFinal\TP\ejem.tpfinal.X\tpfinal.asm
                    SALIR   0x0000bf    program     static T:\Tom\Facultad\Materias\EDII\TPs\TPFinal\TP\ejem.tpfinal.X\tpfinal.asm
                    TABLA   0x0000c9    program     static T:\Tom\Facultad\Materias\EDII\TPs\TPFinal\TP\ejem.tpfinal.X\tpfinal.asm
                   TMR0SR   0x00008e    program     static T:\Tom\Facultad\Materias\EDII\TPs\TPFinal\TP\ejem.tpfinal.X\tpfinal.asm
                   TMR1SR   0x0000b4    program     static T:\Tom\Facultad\Materias\EDII\TPs\TPFinal\TP\ejem.tpfinal.X\tpfinal.asm
             _.org_1_0048   0x000048    program     static T:\Tom\Facultad\Materias\EDII\TPs\TPFinal\TP\ejem.tpfinal.X\tpfinal.asm
             _.org_1_00C7   0x0000c7    program     static T:\Tom\Facultad\Materias\EDII\TPs\TPFinal\TP\ejem.tpfinal.X\tpfinal.asm



                              Symbols - Sorted by Address
                     Name    Address   Location    Storage File                     
                ---------  ---------  ---------  --------- ---------                
                   INICIO   0x000005    program     static T:\Tom\Facultad\Materias\EDII\TPs\TPFinal\TP\ejem.tpfinal.X\tpfinal.asm
             _.org_1_0048   0x000048    program     static T:\Tom\Facultad\Materias\EDII\TPs\TPFinal\TP\ejem.tpfinal.X\tpfinal.asm
                      IRS   0x000049    program     static T:\Tom\Facultad\Materias\EDII\TPs\TPFinal\TP\ejem.tpfinal.X\tpfinal.asm
                    RB0SR   0x000055    program     static T:\Tom\Facultad\Materias\EDII\TPs\TPFinal\TP\ejem.tpfinal.X\tpfinal.asm
                     ADSR   0x000068    program     static T:\Tom\Facultad\Materias\EDII\TPs\TPFinal\TP\ejem.tpfinal.X\tpfinal.asm
           OBTENER_DECENA   0x000074    program     static T:\Tom\Facultad\Materias\EDII\TPs\TPFinal\TP\ejem.tpfinal.X\tpfinal.asm
                   RESTAR   0x000076    program     static T:\Tom\Facultad\Materias\EDII\TPs\TPFinal\TP\ejem.tpfinal.X\tpfinal.asm
           OBTENER_UNIDAD   0x000081    program     static T:\Tom\Facultad\Materias\EDII\TPs\TPFinal\TP\ejem.tpfinal.X\tpfinal.asm
                  RESTARU   0x000083    program     static T:\Tom\Facultad\Materias\EDII\TPs\TPFinal\TP\ejem.tpfinal.X\tpfinal.asm
                   TMR0SR   0x00008e    program     static T:\Tom\Facultad\Materias\EDII\TPs\TPFinal\TP\ejem.tpfinal.X\tpfinal.asm
                  MOSTRAR   0x000094    program     static T:\Tom\Facultad\Materias\EDII\TPs\TPFinal\TP\ejem.tpfinal.X\tpfinal.asm
                 MOVLETRA   0x00009e    program     static T:\Tom\Facultad\Materias\EDII\TPs\TPFinal\TP\ejem.tpfinal.X\tpfinal.asm
                 MOVGRADO   0x0000a3    program     static T:\Tom\Facultad\Materias\EDII\TPs\TPFinal\TP\ejem.tpfinal.X\tpfinal.asm
                MOVUNIDAD   0x0000a8    program     static T:\Tom\Facultad\Materias\EDII\TPs\TPFinal\TP\ejem.tpfinal.X\tpfinal.asm
                MOVDECENA   0x0000ad    program     static T:\Tom\Facultad\Materias\EDII\TPs\TPFinal\TP\ejem.tpfinal.X\tpfinal.asm
                   TMR1SR   0x0000b4    program     static T:\Tom\Facultad\Materias\EDII\TPs\TPFinal\TP\ejem.tpfinal.X\tpfinal.asm
                    SALIR   0x0000bf    program     static T:\Tom\Facultad\Materias\EDII\TPs\TPFinal\TP\ejem.tpfinal.X\tpfinal.asm
                    DELAY   0x0000c4    program     static T:\Tom\Facultad\Materias\EDII\TPs\TPFinal\TP\ejem.tpfinal.X\tpfinal.asm
             _.org_1_00C7   0x0000c7    program     static T:\Tom\Facultad\Materias\EDII\TPs\TPFinal\TP\ejem.tpfinal.X\tpfinal.asm
                    TABLA   0x0000c9    program     static T:\Tom\Facultad\Materias\EDII\TPs\TPFinal\TP\ejem.tpfinal.X\tpfinal.asm
                   ENVIAR   0x0000d4    program     static T:\Tom\Facultad\Materias\EDII\TPs\TPFinal\TP\ejem.tpfinal.X\tpfinal.asm


