MPLINK 5.09, LINKER
Linker Map File - Created Thu Jun 06 16:47:36 2019

                                 Section Info
                  Section       Type    Address   Location Size(Bytes)
                ---------  ---------  ---------  ---------  ---------
                   .org_0       code   0x000000    program   0x000002
                   .cinit    romdata   0x000001    program   0x000004
                   .org_1       code   0x000004    program   0x0000ee
.config_2007_BUILD/DEFAULT/PRODUCTION/EJEM.TP       code   0x002007    program   0x000002
.config_2008_BUILD/DEFAULT/PRODUCTION/EJEM.TP       code   0x002008    program   0x000002



                              Program Memory Usage 
                               Start         End      
                           ---------   ---------      
                            0x000000    0x000002      
                            0x000004    0x00007a      
                            0x002007    0x002008      
            124 out of 8455 program addresses used, program memory utilization is 1%



                              Symbols - Sorted by Name
                     Name    Address   Location    Storage File                     
                ---------  ---------  ---------  --------- ---------                
                     ADSR   0x00003d    program     static G:\Lo Que Estaba En El C\FACULTAD FCEFyN\Electronica Digital 2\tp final\ejemplo a seguir\ejem.tpfinal.X\ejem.tpfinal.asm
                   INICIO   0x000005    program     static G:\Lo Que Estaba En El C\FACULTAD FCEFyN\Electronica Digital 2\tp final\ejemplo a seguir\ejem.tpfinal.X\ejem.tpfinal.asm
                      IRS   0x00002e    program     static G:\Lo Que Estaba En El C\FACULTAD FCEFyN\Electronica Digital 2\tp final\ejemplo a seguir\ejem.tpfinal.X\ejem.tpfinal.asm
                  MOSTRAR   0x000044    program     static G:\Lo Que Estaba En El C\FACULTAD FCEFyN\Electronica Digital 2\tp final\ejemplo a seguir\ejem.tpfinal.X\ejem.tpfinal.asm
                MOVDECENA   0x00005d    program     static G:\Lo Que Estaba En El C\FACULTAD FCEFyN\Electronica Digital 2\tp final\ejemplo a seguir\ejem.tpfinal.X\ejem.tpfinal.asm
                 MOVGRADO   0x000053    program     static G:\Lo Que Estaba En El C\FACULTAD FCEFyN\Electronica Digital 2\tp final\ejemplo a seguir\ejem.tpfinal.X\ejem.tpfinal.asm
                 MOVLETRA   0x00004e    program     static G:\Lo Que Estaba En El C\FACULTAD FCEFyN\Electronica Digital 2\tp final\ejemplo a seguir\ejem.tpfinal.X\ejem.tpfinal.asm
                MOVUNIDAD   0x000058    program     static G:\Lo Que Estaba En El C\FACULTAD FCEFyN\Electronica Digital 2\tp final\ejemplo a seguir\ejem.tpfinal.X\ejem.tpfinal.asm
                    RB0SR   0x00003a    program     static G:\Lo Que Estaba En El C\FACULTAD FCEFyN\Electronica Digital 2\tp final\ejemplo a seguir\ejem.tpfinal.X\ejem.tpfinal.asm
                    SALIR   0x00006b    program     static G:\Lo Que Estaba En El C\FACULTAD FCEFyN\Electronica Digital 2\tp final\ejemplo a seguir\ejem.tpfinal.X\ejem.tpfinal.asm
                    TABLA   0x000070    program     static G:\Lo Que Estaba En El C\FACULTAD FCEFyN\Electronica Digital 2\tp final\ejemplo a seguir\ejem.tpfinal.X\ejem.tpfinal.asm
                   TMR0SR   0x00003e    program     static G:\Lo Que Estaba En El C\FACULTAD FCEFyN\Electronica Digital 2\tp final\ejemplo a seguir\ejem.tpfinal.X\ejem.tpfinal.asm
                   TMR1SR   0x000064    program     static G:\Lo Que Estaba En El C\FACULTAD FCEFyN\Electronica Digital 2\tp final\ejemplo a seguir\ejem.tpfinal.X\ejem.tpfinal.asm
             _.org_1_002D   0x00002d    program     static G:\Lo Que Estaba En El C\FACULTAD FCEFyN\Electronica Digital 2\tp final\ejemplo a seguir\ejem.tpfinal.X\ejem.tpfinal.asm



                              Symbols - Sorted by Address
                     Name    Address   Location    Storage File                     
                ---------  ---------  ---------  --------- ---------                
                   INICIO   0x000005    program     static G:\Lo Que Estaba En El C\FACULTAD FCEFyN\Electronica Digital 2\tp final\ejemplo a seguir\ejem.tpfinal.X\ejem.tpfinal.asm
             _.org_1_002D   0x00002d    program     static G:\Lo Que Estaba En El C\FACULTAD FCEFyN\Electronica Digital 2\tp final\ejemplo a seguir\ejem.tpfinal.X\ejem.tpfinal.asm
                      IRS   0x00002e    program     static G:\Lo Que Estaba En El C\FACULTAD FCEFyN\Electronica Digital 2\tp final\ejemplo a seguir\ejem.tpfinal.X\ejem.tpfinal.asm
                    RB0SR   0x00003a    program     static G:\Lo Que Estaba En El C\FACULTAD FCEFyN\Electronica Digital 2\tp final\ejemplo a seguir\ejem.tpfinal.X\ejem.tpfinal.asm
                     ADSR   0x00003d    program     static G:\Lo Que Estaba En El C\FACULTAD FCEFyN\Electronica Digital 2\tp final\ejemplo a seguir\ejem.tpfinal.X\ejem.tpfinal.asm
                   TMR0SR   0x00003e    program     static G:\Lo Que Estaba En El C\FACULTAD FCEFyN\Electronica Digital 2\tp final\ejemplo a seguir\ejem.tpfinal.X\ejem.tpfinal.asm
                  MOSTRAR   0x000044    program     static G:\Lo Que Estaba En El C\FACULTAD FCEFyN\Electronica Digital 2\tp final\ejemplo a seguir\ejem.tpfinal.X\ejem.tpfinal.asm
                 MOVLETRA   0x00004e    program     static G:\Lo Que Estaba En El C\FACULTAD FCEFyN\Electronica Digital 2\tp final\ejemplo a seguir\ejem.tpfinal.X\ejem.tpfinal.asm
                 MOVGRADO   0x000053    program     static G:\Lo Que Estaba En El C\FACULTAD FCEFyN\Electronica Digital 2\tp final\ejemplo a seguir\ejem.tpfinal.X\ejem.tpfinal.asm
                MOVUNIDAD   0x000058    program     static G:\Lo Que Estaba En El C\FACULTAD FCEFyN\Electronica Digital 2\tp final\ejemplo a seguir\ejem.tpfinal.X\ejem.tpfinal.asm
                MOVDECENA   0x00005d    program     static G:\Lo Que Estaba En El C\FACULTAD FCEFyN\Electronica Digital 2\tp final\ejemplo a seguir\ejem.tpfinal.X\ejem.tpfinal.asm
                   TMR1SR   0x000064    program     static G:\Lo Que Estaba En El C\FACULTAD FCEFyN\Electronica Digital 2\tp final\ejemplo a seguir\ejem.tpfinal.X\ejem.tpfinal.asm
                    SALIR   0x00006b    program     static G:\Lo Que Estaba En El C\FACULTAD FCEFyN\Electronica Digital 2\tp final\ejemplo a seguir\ejem.tpfinal.X\ejem.tpfinal.asm
                    TABLA   0x000070    program     static G:\Lo Que Estaba En El C\FACULTAD FCEFyN\Electronica Digital 2\tp final\ejemplo a seguir\ejem.tpfinal.X\ejem.tpfinal.asm


