MPLINK 5.09, LINKER
Linker Map File - Created Fri Apr 05 17:03:29 2019

                                 Section Info
                  Section       Type    Address   Location Size(Bytes)
                ---------  ---------  ---------  ---------  ---------
                   .org_0       code   0x000000    program   0x000032
                   .cinit    romdata   0x000019    program   0x000004
.config_2007_BUILD/DEFAULT/PRODUCTION/BOTON_L       code   0x002007    program   0x000002
.config_2008_BUILD/DEFAULT/PRODUCTION/BOTON_L       code   0x002008    program   0x000002



                              Program Memory Usage 
                               Start         End      
                           ---------   ---------      
                            0x000000    0x00001a      
                            0x002007    0x002008      
            29 out of 8455 program addresses used, program memory utilization is 0%



                              Symbols - Sorted by Name
                     Name    Address   Location    Storage File                     
                ---------  ---------  ---------  --------- ---------                
                   APAGAR   0x000015    program     static C:\Users\Daniela\Desktop\FCEFYN\Electronica Digital 2\codigos mplab\boton_led.X\boton_led.asm
                   INICIO   0x000011    program     static C:\Users\Daniela\Desktop\FCEFYN\Electronica Digital 2\codigos mplab\boton_led.X\boton_led.asm



                              Symbols - Sorted by Address
                     Name    Address   Location    Storage File                     
                ---------  ---------  ---------  --------- ---------                
                   INICIO   0x000011    program     static C:\Users\Daniela\Desktop\FCEFYN\Electronica Digital 2\codigos mplab\boton_led.X\boton_led.asm
                   APAGAR   0x000015    program     static C:\Users\Daniela\Desktop\FCEFYN\Electronica Digital 2\codigos mplab\boton_led.X\boton_led.asm


